// Jest Snapshot v1, https://goo.gl/fbAQLP

exports[`ClaySidebar renders 1`] = `
<div>
  <div
    class="sidenav-fixed sidenav-fixed-end"
  >
    <ul
      class="tbar-nav"
    />
  </div>
</div>
`;
